3 2 b
3 2 b
3 2 b
3 2 b
2 3 c
1 1 a
1 1 a
1 1 a
1 1 a
2 3 c
