OK
first1
OK
second1
OK
third1
third2
third3
third4
third5
third6
third7
third8
third9
third10
