325
430
3240
802
2062
4728
2073
941
3951
4367
2897
9
3808
4
5466
131
3612
83
92
161
9530
1206
5747
518
19
5388
1872
1030
203
87
1771
14
622
3004
75
5220
91
80
4
216
3
366
388
11165
1021
4555
184
1568
659
68
697
7608
475
5697
2046
590
70
3989
1023
944
349
403
74
5484
109
2440
18
8
1177
113
17706
281
842
434
142
521
1956
4372
89
24617
1746
1112
50
128
1441
626
370
7591
2276
1452
175
4710
203
587
6275
3965
363
16745
1369
