5
Daniel 30 Alberto 80
Edson 40 Vinicius 70
Jeremias 50 Guilherme 65
