a: O
belo: O
fiNo: O
Cruz: O
flor: O
batata: N
abracadabra: N
aaaabc: N
