01
02 02
03 03 03
04 04 04 04
05 05 05 05 05
06 06 06 06 06 06
07 07 07 07 07 07 07
08 08 08 08 08 08 08 08
09 09 09 09 09 09 09 09 09
10 10 10 10 10 10 10 10 10 10
11 11 11 11 11 11 11 11 11 11 11

01
01 02
01 02 03
01 02 03 04
01 02 03 04 05
01 02 03 04 05 06
01 02 03 04 05 06 07
01 02 03 04 05 06 07 08
01 02 03 04 05 06 07 08 09
01 02 03 04 05 06 07 08 09 10
01 02 03 04 05 06 07 08 09 10 11
