[000,000][000,001][000,002]
[001,000][001,001][001,002]
[002,000][002,001][002,002]
