[000,000][000,001][000,002][000,003][000,004]
[001,000][001,001][001,002][001,003][001,004]
[002,000][002,001][002,002][002,003][002,004]
[003,000][003,001][003,002][003,003][003,004]
[004,000][004,001][004,002][004,003][004,004]
[005,000][005,001][005,002][005,003][005,004]
