> Demorou 1.0 segundos, retornou 0
> Demorou 1.1 segundos, retornou 0
> Erro: No such file or directory
> Demorou 0.0 segundos, retornou 2
>> O tempo total foi de 2.1 segundos
