> Demorou 1.5 segundos, retornou 0
> Demorou 0.0 segundos, retornou 0
> Demorou 0.0 segundos, retornou 1
Linux
> Demorou 0.0 segundos, retornou 0
> Demorou 1.0 segundos, retornou 0
>> O tempo total foi de 2.5 segundos
