> Demorou 0.0 segundos, retornou 1
> Demorou 0.0 segundos, retornou 1
x86_64
> Demorou 0.0 segundos, retornou 0
(__)
(oo)
/------\/
/ | ||
* /\---/\
~~ ~~
..."Have you mooed today?"...
> Demorou 0.0 segundos, retornou 0
> Demorou 0.3 segundos, retornou 0
>> O tempo total foi de 0.3 segundos
