  01 02 03 04 05
E -- -- XX -- XX
D -- -- -- XX XX
C -- XX -- -- --
B XX -- XX XX XX
A -- XX -- XX XX
