A vaca tapada foi molhada por outra vaca molhada e tapada
