7
158
2568
35660
456574
5565709
65657060
95
102
152
