1
65657060
14294048
5254456
45890516
2787229
47708930
21311927
5551143
35075175
51263684
41471083
40282933
61940573
28334262
16461435
63611520
3849934
36210543
61509109
30773416
32907345
45619501
56467129
62655622
15190737
58276515
42492989
550526
34630463
58046783
60045898
57458558
57792000
1108782
34311156
40542863
42743413
64929582
36423440
53501710
4821737
23541466
8305111
49711989
62730921
2086191
47808854
44564550
45230905
34067507
44147185
49889527
62236973
41611827
13965330
61117220
27911776
55163959
21147490
23707422
177757
32882754
24025341
20171796
40880994
16203173
44707635
56988476
51131484
3190078
14226536
60673162
50525352
5714576
10749074
23650583
38957272
52490559
37379343
52909148
48607200
59588449
18754810
7501431
45668061
58298788
6142025
45340547
13842675
55479611
48631361
8845055
5911312
1558229
22251045
33628500
248922
26663988
24794550
