Mommy shark, doo-doo-doo-doo-doo-doo
Mommy shark, doo-doo-doo-doo-doo-doo
Mommy shark, doo-doo-doo-doo-doo-doo
Mommy shark!
