Scooby, doo-doo-doo-doo-doo-doo
Scooby, doo-doo-doo-doo-doo-doo
Scooby, doo-doo-doo-doo-doo-doo
Scooby!
