Partida #1:
Meninas: 1 ponto(s)
Meninos: 0 ponto(s)
As meninas venceram

Partida #2:
Meninas: 0 ponto(s)
Meninos: 0 ponto(s)
Os meninos venceram

Partida #3:
Meninas: 0 ponto(s)
Meninos: 0 ponto(s)
Empate
