Partida #1:
Meninas: 0 ponto(s)
Meninos: 0 ponto(s)
As meninas venceram
