[000,000][000,001][000,002]
[001,000][001,001][001,002]
[002,000][002,001][002,002]
[003,000][003,001][003,002]
[004,000][004,001][004,002]
[005,000][005,001][005,002]
[006,000][006,001][006,002]
