6 eh perfeito
5 nao eh perfeito
28 eh perfeito
1 nao eh perfeito
