2 2
12 8
1000000 85
12345676 68
87675612 23
1251562 41
9412 23
6537 5
123 5
12 8
3244 8
56342 41
1233 8
344333 14
98123 2
1 1
2 2
3 2
243 6
123999 5
