ARQ FGNEX ZBEER!
FANCR ZNGN QHZOYRQBER.
QNEGU INQRE, B TENAQR IVYNB, R B CNV QB YHXR FXLJNYXRE!
