Em 0 anos Natalia faz 28 e Wilson 82
Em 11 anos Natalia faz 39 e Wilson 93
