Em 11 anos Natalia faz 39 e Wilson 93
Em 0 anos Wilson faz 82 e Natalia 28
