Em 0 anos Filomena faz 77 e Helena 77
Em 27 anos Hugo faz 49 e Elisa 94
Em 22 anos Filomena faz 99 e Helena 99
Em 16 anos Elisa faz 83 e Hugo 38
Em 11 anos Helena faz 88 e Filomena 88
Em 5 anos Hugo faz 27 e Elisa 72
