 367.76208 -> NUCK
270.72675 -> NUCK
379.83781 -> DUCK
