0
12022110122121
122100221111101
2120200200021010001
