44
..ooo..ooo..
.o...oo...o.
..o......o..
...oo..oo...
.....oo.....
