Brasilia
IlhaSolteira
SaoPaulo
Americana
OuroPreto
