Rondonopolis
Mirandopolis
Itaituba
Imperatriz
Manaus
Ocara
Salete
Zacarias
Aracatuba
SaoJoao
