2 (9992)
3 (9993)
4 (9994)
5 (9995)
6 (9996)
7 (9997)
8 (9998)
9 (9999)
1 (20007999)
10 (70008000)
