NULL
distante
repente
Mas ai, de
em que tudo era muito legal.
