10101 base 2 = 21 base 10
126 is an illegal base 5 number
A4C base 15 = 1821 base 11
