A9 is an illegal base 10 number
99 is an illegal base 9 number
77 base 8 = 53 base 12
1010 is an illegal base 1 number
